src/pages/Auth.tsx(2,40): error TS6133: 'Link' is declared but its value is never read.
src/pages/app/Home.tsx(3,29): error TS6133: 'Car' is declared but its value is never read.
src/pages/app/Vehicles.tsx(1,10): error TS6133: 'Link' is declared but its value is never read.
